
---
Version: v3.5.2
Updated at: 2025-09-19 10:53:53 UTC
Release Notes:
# ⚙️ Bug fixes and Improvements

- Revised sing-box DNS syntax due to recent changes
- Validate panel remote DNS entry
- Updated docs
- Bug fix, NPM package removed #1045

---
Version: v3.5.7
Updated at: 2025-09-30 02:59:05 UTC
Release Notes:
# ⚙️ Bug fixes and Improvements

- Improved WorkerLess config, separated fragment modes for TLS, HTTP and UDP
- Bug fixes

---
Version: v3.6.1
Updated at: 2025-10-14 03:01:46 UTC
Release Notes:
# ⚙️ Bug fixes and Improvements

- Added chained configs alongside original configs. This way, when **Chain Proxy** stops working, you still have access to original configs #1074
- Improved **Chain Proxy** and **Warp** DNS resolution
- Enabled `HappyEyeBalls` for Clash
- Added download option for Xray configs
- Removed **Bypass Lan** option and made it mandatory to decrease worker error rate

> [!TIP]
> v2ray Users should update Geo assets if the proxy is not connecting.

- Fixed chain proxy `Httpupgrade` transmission bug for sing-box and Clash
- Fixed Clash chain proxy bug
- Refactored
- Updated website
- Many minor bug fixes and improvements

> [!CAUTION]
> If you already have a Chain Proxy set in panel, after updating to this version you have to clear it, apply and then set it again.

> [!CAUTION]
> sing-box client version should be 1.12.0 or higher.
